****************************************
Report : qor
Design : comp7485
Version: Y-2026.03-SP1
Date   : Wed Sep 23 15:26:40 2026
****************************************


Scenario           'default'
Timing Path Group  '**in2out_default**'
----------------------------------------
Levels of Logic:                      5
Critical Path Length:              0.86
Critical Path Slack:              19.14
Critical Path Clk Period:         20.00
Total Negative Slack:              0.00
No. of Violating Paths:               0
----------------------------------------


Cell Count
----------------------------------------
Hierarchical Cell Count:              0
Hierarchical Port Count:              0
Leaf Cell Count:                     15
Buf/Inv Cell Count:                   5
Buf Cell Count:                       0
Inv Cell Count:                       5
Combinational Cell Count:            15
   Single-bit Isolation Cell Count:                        0
   Multi-bit Isolation Cell Count:                         0
   Isolation Cell Banking Ratio:                           0.00%
   Single-bit Level Shifter Cell Count:                    0
   Multi-bit Level Shifter Cell Count:                     0
   Level Shifter Cell Banking Ratio:                       0.00%
   Single-bit ELS Cell Count:                              0
   Multi-bit ELS Cell Count:                               0
   ELS Cell Banking Ratio:                                 0.00%
Sequential Cell Count:                0
   Integrated Clock-Gating Cell Count:                     0
   Sequential Macro Cell Count:                            0
   Single-bit Sequential Cell Count:                       0
   Multi-bit Sequential Cell Count:                        0
   Sequential Cell Banking Ratio:                          0.00%
   BitsPerflop:                                            0.00
Macro Count:                          0
----------------------------------------


Area
----------------------------------------
Combinational Area:               34.31
Noncombinational Area:             0.00
Buf/Inv Area:                      6.35
Total Buffer Area:                 0.00
Total Inverter Area:               6.35
Macro/Black Box Area:              0.00
Net Area:                             0
Net XLength:                      58.35
Net YLength:                      58.93
----------------------------------------
Cell Area (netlist):                             34.31
Cell Area (netlist and physical only):           69.89
Net Length:                      117.28


Design Rules
----------------------------------------
Total Number of Nets:                28
Nets with Violations:                 0
Max Trans Violations:                 0
Max Cap Violations:                   0
----------------------------------------

1
