****************************************
Report : timing
        -path_type full
        -delay_type max
        -max_paths 1
        -report_by design
Design : comp7485
Version: Y-2026.03-SP1
Date   : Tue Sep 22 08:20:14 2026
****************************************

  Startpoint: B[1] (input port clocked by vclk)
  Endpoint: o_ALB (output port clocked by vclk)
  Mode: default
  Corner: default
  Scenario: default
  Path Group: **in2out_default**
  Path Type: max

  Point                                            Incr      Path  
  ------------------------------------------------------------------------
  clock vclk (rise edge)                           0.00      0.00
  clock network delay (ideal)                      0.00      0.00
  input external delay                             0.00      0.00 r
  B[1] (in)                                        0.00      0.00 r
  phfnr_buf_24/Y (INVX1_RVT)                       0.03      0.03 f
  A7/Y (AO21X1_RVT)                                0.14      0.17 f
  A9/Y (OA221X1_RVT)                               0.22      0.40 f
  A10/Y (OA22X1_RVT)                               0.18      0.58 f
  A14/Y (AOI222X1_RVT)                             0.29      0.87 r
  o_ALB (out)                                      0.00      0.87 r
  data arrival time                                          0.87

  clock vclk (rise edge)                          20.00     20.00
  clock network delay (ideal)                      0.00     20.00
  output external delay                           -0.00     20.00
  data required time                                        20.00
  ------------------------------------------------------------------------
  data required time                                        20.00
  data arrival time                                         -0.87
  ------------------------------------------------------------------------
  slack (MET)                                               19.13


1
